19:27:57 **** Incremental Build of configuration Debug for project P06_SPI_MAX6675_THERMOCOUPLE ****
make -j2 all 
arm-none-eabi-size   P06_SPI_MAX6675_THERMOCOUPLE.elf 
   text	   data	    bss	    dec	    hex	filename
   2808	      8	   1576	   4392	   1128	P06_SPI_MAX6675_THERMOCOUPLE.elf
Finished building: default.size.stdout
 
19:28:07 **** Incremental Build of configuration Debug for project P06_SPI_MAX6675_THERMOCOUPLE ****
make -j2 all 
arm-none-eabi-size   P06_SPI_MAX6675_THERMOCOUPLE.elf 
   text	   data	    bss	    dec	    hex	filename
   2808	      8	   1576	   4392	   1128	P06_SPI_MAX6675_THERMOCOUPLE.elf
Finished building: default.size.stdout
 
