13:12:21 **** Incremental Build of configuration Debug for project P01_LED_BLINK_GPIO_BSRR ****
make -j2 all 
arm-none-eabi-gcc "../Src/main.c" -mcpu=cortex-m4 -std=gnu11 -g3 -DDEBUG -DSTM32 -DSTM32F407G_DISC1 -DSTM32F4 -DSTM32F407VGTx -c -I../Inc -O0 -ffunction-sections -fdata-sections -Wall -fstack-usage -MMD -MP -MF"Src/main.d" -MT"Src/main.o" --specs=nano.specs -mfpu=fpv4-sp-d16 -mfloat-abi=hard -mthumb -o "Src/main.o"
arm-none-eabi-gcc -o "P01_LED_BLINK_GPIO_BSRR.elf" @"objects.list"   -mcpu=cortex-m4 -T"C:\Users\m\OneDrive\Desktop\STM32CubeIDE PROJECTS\DISCOVERY-STM32F407\P01_LED_BLINK_GPIO_BSRR\STM32F407VGTX_FLASH.ld" --specs=nosys.specs -Wl,-Map="P01_LED_BLINK_GPIO_BSRR.map" -Wl,--gc-sections -static --specs=nano.specs -mfpu=fpv4-sp-d16 -mfloat-abi=hard -mthumb -Wl,--start-group -lc -lm -Wl,--end-group
Finished building target: P01_LED_BLINK_GPIO_BSRR.elf
 
arm-none-eabi-size   P01_LED_BLINK_GPIO_BSRR.elf 
arm-none-eabi-objdump -h -S  P01_LED_BLINK_GPIO_BSRR.elf  > "P01_LED_BLINK_GPIO_BSRR.list"
   text	   data	    bss	    dec	    hex	filename
    864	      8	   1568	   2440	    988	P01_LED_BLINK_GPIO_BSRR.elf
Finished building: default.size.stdout
 
Finished building: P01_LED_BLINK_GPIO_BSRR.list
 

13:12:25 Build Finished. 0 errors, 0 warnings. (took 3s.862ms)

