19:15:40 **** Incremental Build of configuration Debug for project P03_USART_TX ****
make -j2 all 
arm-none-eabi-gcc "../Src/main.c" -mcpu=cortex-m4 -std=gnu11 -g3 -DDEBUG -DSTM32 -DSTM32F407G_DISC1 -DSTM32F4 -DSTM32F407VGTx -c -I../Inc -O0 -ffunction-sections -fdata-sections -Wall -fstack-usage -MMD -MP -MF"Src/main.d" -MT"Src/main.o" --specs=nano.specs -mfpu=fpv4-sp-d16 -mfloat-abi=hard -mthumb -o "Src/main.o"
arm-none-eabi-gcc "../Src/syscalls.c" -mcpu=cortex-m4 -std=gnu11 -g3 -DDEBUG -DSTM32 -DSTM32F407G_DISC1 -DSTM32F4 -DSTM32F407VGTx -c -I../Inc -O0 -ffunction-sections -fdata-sections -Wall -fstack-usage -MMD -MP -MF"Src/syscalls.d" -MT"Src/syscalls.o" --specs=nano.specs -mfpu=fpv4-sp-d16 -mfloat-abi=hard -mthumb -o "Src/syscalls.o"
arm-none-eabi-gcc "../Src/sysmem.c" -mcpu=cortex-m4 -std=gnu11 -g3 -DDEBUG -DSTM32 -DSTM32F407G_DISC1 -DSTM32F4 -DSTM32F407VGTx -c -I../Inc -O0 -ffunction-sections -fdata-sections -Wall -fstack-usage -MMD -MP -MF"Src/sysmem.d" -MT"Src/sysmem.o" --specs=nano.specs -mfpu=fpv4-sp-d16 -mfloat-abi=hard -mthumb -o "Src/sysmem.o"
arm-none-eabi-gcc -o "P03_USART_TX.elf" @"objects.list"   -mcpu=cortex-m4 -T"C:\Users\m\OneDrive\Desktop\STM32CubeIDE PROJECTS\DISCOVERY-STM32F407\P03_USART_TX\STM32F407VGTX_FLASH.ld" --specs=nosys.specs -Wl,-Map="P03_USART_TX.map" -Wl,--gc-sections -static --specs=nano.specs -mfpu=fpv4-sp-d16 -mfloat-abi=hard -mthumb -Wl,--start-group -lc -lm -Wl,--end-group
Finished building target: P03_USART_TX.elf
 
arm-none-eabi-size   P03_USART_TX.elf 
arm-none-eabi-objdump -h -S  P03_USART_TX.elf  > "P03_USART_TX.list"
   text	   data	    bss	    dec	    hex	filename
   1016	      8	   1568	   2592	    a20	P03_USART_TX.elf
Finished building: default.size.stdout
 
Finished building: P03_USART_TX.list
 

19:15:43 Build Finished. 0 errors, 0 warnings. (took 2s.421ms)

